// Jest Snapshot v1, https://goo.gl/fbAQLP

exports[`Render AddExpensePage Component correctly in homepage 1`] = `
<div>
  <p>
     Add Expense
  </p>
  <ExpenseForm
    onSubmit={[Function]}
  />
</div>
`;
