// Jest Snapshot v1, https://goo.gl/fbAQLP

exports[`Testing the ExpenseList Component using Jest and Enzyme 1`] = `
<div>
  <ExpenseListItems
    amount={195}
    createdAt={0}
    description="Gum"
    id="1"
    key="1"
    note=""
  />
  <ExpenseListItems
    amount={109500}
    createdAt={-345600000}
    description="Rent"
    id="2"
    key="2"
    note=""
  />
  <ExpenseListItems
    amount={4500}
    createdAt={345600000}
    description="Credit Card"
    id="3"
    key="3"
    note=""
  />
</div>
`;

exports[`Testing the ExpenseList Component with no values using Jest and Enzyme 1`] = `
<div>
  <p>
    No expenses
  </p>
</div>
`;
